python : Traceback (most recent call last):
At line:1 char:21
+ ... o\ans_eval; python app.py 0 uploads\notes_BIOLODY_1772683590.pdf vect ...
+                 ~~~~~~~~~~~~~~~~~~~~~~~~~~~~~~~~~~~~~~~~~~~~~~~~~~~~~~~~~
    + CategoryInfo          : NotSpecified: (Traceback (most recent call last)::String) [ 
   ], RemoteException
    + FullyQualifiedErrorId : NativeCommandError
 
  File "E:\pro\ans_eval\app.py", line 20, in <module>
    ans_txt=gt.get_ans(ans)
  File "E:\pro\ans_eval\getter.py", line 47, in get_ans
    ans=llm.get_all_text(path)
  File "E:\pro\ans_eval\ans_rag\llm.py", line 167, in get_all_text
    return fix_text(full_text)
  File "E:\pro\ans_eval\ans_rag\llm.py", line 152, in fix_text
    corrected = call_llm(prompt)
  File "E:\pro\ans_eval\ans_rag\llm.py", line 47, in call_llm
    raise e
  File "E:\pro\ans_eval\ans_rag\llm.py", line 43, in call_llm
    raise Exception(f"API Error {response.status_code}: {response.text}")
Exception: API Error 402: {"error":{"message":"This request requires more credits, or 
fewer max_tokens. You requested up to 1500 tokens, but can only afford 993. To increase, 
visit https://openrouter.ai/settings/credits and upgrade to a paid account","code":402,"me
tadata":{"provider_name":null}},"user_id":"user_3AQMBrruBiGqHCbFW8SmUA99K0K"}
